Archive member included to satisfy reference by file (symbol)

C:/ST/STM32CubeIDE_1.10.1/STM32CubeIDE/plugins/com.st.stm32cube.ide.mcu.externaltools.gnu-tools-for-stm32.13.3.rel1.win32_1.0.0.202411081344/tools/bin/../lib/gcc/arm-none-eabi/13.3.1/../../../../arm-none-eabi/lib/thumb/v7e-m+fp/hard\libc_nano.a(libc_a-calloc.o)
                              ./mbedtls/library/asn1parse.o (calloc)
C:/ST/STM32CubeIDE_1.10.1/STM32CubeIDE/plugins/com.st.stm32cube.ide.mcu.externaltools.gnu-tools-for-stm32.13.3.rel1.win32_1.0.0.202411081344/tools/bin/../lib/gcc/arm-none-eabi/13.3.1/../../../../arm-none-eabi/lib/thumb/v7e-m+fp/hard\libc_nano.a(libc_a-callocr.o)
                              C:/ST/STM32CubeIDE_1.10.1/STM32CubeIDE/plugins/com.st.stm32cube.ide.mcu.externaltools.gnu-tools-for-stm32.13.3.rel1.win32_1.0.0.202411081344/tools/bin/../lib/gcc/arm-none-eabi/13.3.1/../../../../arm-none-eabi/lib/thumb/v7e-m+fp/hard\libc_nano.a(libc_a-calloc.o) (_calloc_r)
C:/ST/STM32CubeIDE_1.10.1/STM32CubeIDE/plugins/com.st.stm32cube.ide.mcu.externaltools.gnu-tools-for-stm32.13.3.rel1.win32_1.0.0.202411081344/tools/bin/../lib/gcc/arm-none-eabi/13.3.1/../../../../arm-none-eabi/lib/thumb/v7e-m+fp/hard\libc_nano.a(libc_a-exit.o)
                              C:/ST/STM32CubeIDE_1.10.1/STM32CubeIDE/plugins/com.st.stm32cube.ide.mcu.externaltools.gnu-tools-for-stm32.13.3.rel1.win32_1.0.0.202411081344/tools/bin/../lib/gcc/arm-none-eabi/13.3.1/../../../../arm-none-eabi/lib/thumb/v7e-m+fp/hard/crt0.o (exit)
C:/ST/STM32CubeIDE_1.10.1/STM32CubeIDE/plugins/com.st.stm32cube.ide.mcu.externaltools.gnu-tools-for-stm32.13.3.rel1.win32_1.0.0.202411081344/tools/bin/../lib/gcc/arm-none-eabi/13.3.1/../../../../arm-none-eabi/lib/thumb/v7e-m+fp/hard\libc_nano.a(libc_a-malloc.o)
                              ./mbedtls/library/asn1parse.o (free)
C:/ST/STM32CubeIDE_1.10.1/STM32CubeIDE/plugins/com.st.stm32cube.ide.mcu.externaltools.gnu-tools-for-stm32.13.3.rel1.win32_1.0.0.202411081344/tools/bin/../lib/gcc/arm-none-eabi/13.3.1/../../../../arm-none-eabi/lib/thumb/v7e-m+fp/hard\libc_nano.a(libc_a-mallocr.o)
                              C:/ST/STM32CubeIDE_1.10.1/STM32CubeIDE/plugins/com.st.stm32cube.ide.mcu.externaltools.gnu-tools-for-stm32.13.3.rel1.win32_1.0.0.202411081344/tools/bin/../lib/gcc/arm-none-eabi/13.3.1/../../../../arm-none-eabi/lib/thumb/v7e-m+fp/hard\libc_nano.a(libc_a-callocr.o) (_malloc_r)
C:/ST/STM32CubeIDE_1.10.1/STM32CubeIDE/plugins/com.st.stm32cube.ide.mcu.externaltools.gnu-tools-for-stm32.13.3.rel1.win32_1.0.0.202411081344/tools/bin/../lib/gcc/arm-none-eabi/13.3.1/../../../../arm-none-eabi/lib/thumb/v7e-m+fp/hard\libc_nano.a(libc_a-mlock.o)
                              C:/ST/STM32CubeIDE_1.10.1/STM32CubeIDE/plugins/com.st.stm32cube.ide.mcu.externaltools.gnu-tools-for-stm32.13.3.rel1.win32_1.0.0.202411081344/tools/bin/../lib/gcc/arm-none-eabi/13.3.1/../../../../arm-none-eabi/lib/thumb/v7e-m+fp/hard\libc_nano.a(libc_a-mallocr.o) (__malloc_lock)
C:/ST/STM32CubeIDE_1.10.1/STM32CubeIDE/plugins/com.st.stm32cube.ide.mcu.externaltools.gnu-tools-for-stm32.13.3.rel1.win32_1.0.0.202411081344/tools/bin/../lib/gcc/arm-none-eabi/13.3.1/../../../../arm-none-eabi/lib/thumb/v7e-m+fp/hard\libc_nano.a(libc_a-rand.o)
                              ./mbedtls/library/rsa.o (rand)
C:/ST/STM32CubeIDE_1.10.1/STM32CubeIDE/plugins/com.st.stm32cube.ide.mcu.externaltools.gnu-tools-for-stm32.13.3.rel1.win32_1.0.0.202411081344/tools/bin/../lib/gcc/arm-none-eabi/13.3.1/../../../../arm-none-eabi/lib/thumb/v7e-m+fp/hard\libc_nano.a(libc_a-findfp.o)
                              C:/ST/STM32CubeIDE_1.10.1/STM32CubeIDE/plugins/com.st.stm32cube.ide.mcu.externaltools.gnu-tools-for-stm32.13.3.rel1.win32_1.0.0.202411081344/tools/bin/../lib/gcc/arm-none-eabi/13.3.1/../../../../arm-none-eabi/lib/thumb/v7e-m+fp/hard\libc_nano.a(libc_a-exit.o) (__stdio_exit_handler)
C:/ST/STM32CubeIDE_1.10.1/STM32CubeIDE/plugins/com.st.stm32cube.ide.mcu.externaltools.gnu-tools-for-stm32.13.3.rel1.win32_1.0.0.202411081344/tools/bin/../lib/gcc/arm-none-eabi/13.3.1/../../../../arm-none-eabi/lib/thumb/v7e-m+fp/hard\libc_nano.a(libc_a-fwalk.o)
                              C:/ST/STM32CubeIDE_1.10.1/STM32CubeIDE/plugins/com.st.stm32cube.ide.mcu.externaltools.gnu-tools-for-stm32.13.3.rel1.win32_1.0.0.202411081344/tools/bin/../lib/gcc/arm-none-eabi/13.3.1/../../../../arm-none-eabi/lib/thumb/v7e-m+fp/hard\libc_nano.a(libc_a-findfp.o) (_fwalk_sglue)
C:/ST/STM32CubeIDE_1.10.1/STM32CubeIDE/plugins/com.st.stm32cube.ide.mcu.externaltools.gnu-tools-for-stm32.13.3.rel1.win32_1.0.0.202411081344/tools/bin/../lib/gcc/arm-none-eabi/13.3.1/../../../../arm-none-eabi/lib/thumb/v7e-m+fp/hard\libc_nano.a(libc_a-printf.o)
                              ./mbedtls/library/aes.o (printf)
[...]
Memory Configuration

Name             Origin             Length             Attributes
SHAREDRAM        0x20000000         0x00001000         xrw
RAM              0x20001000         0x00017000         xrw
FLASH            0x08000000         0x00010000         xr
*default*        0x00000000         0xffffffff

Linker script and memory map

LOAD C:/ST/STM32CubeIDE_1.10.1/STM32CubeIDE/plugins/com.st.stm32cube.ide.mcu.externaltools.gnu-tools-for-stm32.13.3.rel1.win32_1.0.0.202411081344/tools/bin/../lib/gcc/arm-none-eabi/13.3.1/thumb/v7e-m+fp/hard/crti.o
LOAD C:/ST/STM32CubeIDE_1.10.1/STM32CubeIDE/plugins/com.st.stm32cube.ide.mcu.externaltools.gnu-tools-for-stm32.13.3.rel1.win32_1.0.0.202411081344/tools/bin/../lib/gcc/arm-none-eabi/13.3.1/thumb/v7e-m+fp/hard/crtbegin.o
LOAD C:/ST/STM32CubeIDE_1.10.1/STM32CubeIDE/plugins/com.st.stm32cube.ide.mcu.externaltools.gnu-tools-for-stm32.13.3.rel1.win32_1.0.0.202411081344/tools/bin/../lib/gcc/arm-none-eabi/13.3.1/../../../../arm-none-eabi/lib/thumb/v7e-m+fp/hard/crt0.o
LOAD ./Core/Src/Validation.o
LOAD ./Core/Src/main.o
LOAD ./Core/Src/stm32f4xx_hal_msp.o
LOAD ./Core/Src/stm32f4xx_it.o
LOAD ./Core/Src/syscalls.o
LOAD ./Core/Src/sysmem.o
LOAD ./Core/Src/system_stm32f4xx.o
LOAD ./Core/Startup/startup_stm32f401retx.o
LOAD ./Drivers/STM32F4xx_HAL_Driver/Src/stm32f4xx_hal.o
LOAD ./Drivers/STM32F4xx_HAL_Driver/Src/stm32f4xx_hal_cortex.o
LOAD ./Drivers/STM32F4xx_HAL_Driver/Src/stm32f4xx_hal_dma.o
LOAD ./Drivers/STM32F4xx_HAL_Driver/Src/stm32f4xx_hal_dma_ex.o
LOAD ./Drivers/STM32F4xx_HAL_Driver/Src/stm32f4xx_hal_exti.o
LOAD ./Drivers/STM32F4xx_HAL_Driver/Src/stm32f4xx_hal_flash.o
LOAD ./Drivers/STM32F4xx_HAL_Driver/Src/stm32f4xx_hal_flash_ex.o
LOAD ./Drivers/STM32F4xx_HAL_Driver/Src/stm32f4xx_hal_flash_ramfunc.o
LOAD ./Drivers/STM32F4xx_HAL_Driver/Src/stm32f4xx_hal_gpio.o
LOAD ./Drivers/STM32F4xx_HAL_Driver/Src/stm32f4xx_hal_pwr.o
LOAD ./Drivers/STM32F4xx_HAL_Driver/Src/stm32f4xx_hal_pwr_ex.o
LOAD ./Drivers/STM32F4xx_HAL_Driver/Src/stm32f4xx_hal_rcc.o
LOAD ./Drivers/STM32F4xx_HAL_Driver/Src/stm32f4xx_hal_rcc_ex.o
LOAD ./Drivers/STM32F4xx_HAL_Driver/Src/stm32f4xx_hal_uart.o
LOAD ./mbedtls/library/aes.o
LOAD ./mbedtls/library/aesce.o
LOAD ./mbedtls/library/aesni.o
LOAD ./mbedtls/library/aria.o
LOAD ./mbedtls/library/asn1parse.o
LOAD ./mbedtls/library/asn1write.o
LOAD ./mbedtls/library/base64.o
LOAD ./mbedtls/library/bignum.o
LOAD ./mbedtls/library/bignum_core.o
LOAD ./mbedtls/library/bignum_mod.o
LOAD ./mbedtls/library/bignum_mod_raw.o
LOAD ./mbedtls/library/block_cipher.o
LOAD ./mbedtls/library/camellia.o
LOAD ./mbedtls/library/ccm.o
LOAD ./mbedtls/library/chacha20.o
LOAD ./mbedtls/library/chachapoly.o
LOAD ./mbedtls/library/cipher.o
LOAD ./mbedtls/library/cipher_wrap.o
LOAD ./mbedtls/library/cmac.o
LOAD ./mbedtls/library/constant_time.o
LOAD ./mbedtls/library/ctr_drbg.o
LOAD ./mbedtls/library/debug.o
LOAD ./mbedtls/library/des.o
LOAD ./mbedtls/library/dhm.o
LOAD ./mbedtls/library/ecdh.o
LOAD ./mbedtls/library/ecdsa.o
LOAD ./mbedtls/library/ecjpake.o
LOAD ./mbedtls/library/ecp.o
LOAD ./mbedtls/library/ecp_curves.o
LOAD ./mbedtls/library/ecp_curves_new.o
LOAD ./mbedtls/library/entropy.o
LOAD ./mbedtls/library/entropy_poll.o
LOAD ./mbedtls/library/gcm.o
LOAD ./mbedtls/library/hkdf.o
LOAD ./mbedtls/library/hmac_drbg.o
LOAD ./mbedtls/library/lmots.o
LOAD ./mbedtls/library/lms.o
LOAD ./mbedtls/library/md.o
LOAD ./mbedtls/library/md5.o
LOAD ./mbedtls/library/memory_buffer_alloc.o
LOAD ./mbedtls/library/mps_reader.o
LOAD ./mbedtls/library/mps_trace.o
LOAD ./mbedtls/library/net_sockets.o
LOAD ./mbedtls/library/nist_kw.o
LOAD ./mbedtls/library/oid.o
LOAD ./mbedtls/library/padlock.o
LOAD ./mbedtls/library/pem.o
LOAD ./mbedtls/library/pk.o
LOAD ./mbedtls/library/pk_ecc.o
LOAD ./mbedtls/library/pk_wrap.o
LOAD ./mbedtls/library/pkcs12.o
LOAD ./mbedtls/library/pkcs5.o
LOAD ./mbedtls/library/pkcs7.o
LOAD ./mbedtls/library/pkparse.o
LOAD ./mbedtls/library/pkwrite.o
LOAD ./mbedtls/library/platform.o
LOAD ./mbedtls/library/platform_util.o
LOAD ./mbedtls/library/poly1305.o
LOAD ./mbedtls/library/psa_crypto.o
LOAD ./mbedtls/library/psa_crypto_aead.o
LOAD ./mbedtls/library/psa_crypto_cipher.o
LOAD ./mbedtls/library/psa_crypto_client.o
LOAD ./mbedtls/library/psa_crypto_ecp.o
LOAD ./mbedtls/library/psa_crypto_ffdh.o
LOAD ./mbedtls/library/psa_crypto_hash.o
LOAD ./mbedtls/library/psa_crypto_mac.o
LOAD ./mbedtls/library/psa_crypto_pake.o
LOAD ./mbedtls/library/psa_crypto_random.o
LOAD ./mbedtls/library/psa_crypto_rsa.o
LOAD ./mbedtls/library/psa_crypto_se.o
LOAD ./mbedtls/library/psa_crypto_slot_management.o
LOAD ./mbedtls/library/psa_crypto_storage.o
LOAD ./mbedtls/library/psa_its_file.o
LOAD ./mbedtls/library/psa_util.o
LOAD ./mbedtls/library/ripemd160.o
LOAD ./mbedtls/library/rsa.o
LOAD ./mbedtls/library/rsa_alt_helpers.o
LOAD ./mbedtls/library/sha1.o
LOAD ./mbedtls/library/sha256.o
LOAD ./mbedtls/library/sha3.o
LOAD ./mbedtls/library/sha512.o
LOAD ./mbedtls/library/ssl_cache.o
LOAD ./mbedtls/library/ssl_ciphersuites.o
LOAD ./mbedtls/library/ssl_client.o
LOAD ./mbedtls/library/ssl_cookie.o
LOAD ./mbedtls/library/ssl_msg.o
LOAD ./mbedtls/library/ssl_ticket.o
LOAD ./mbedtls/library/ssl_tls.o
LOAD ./mbedtls/library/ssl_tls12_client.o
LOAD ./mbedtls/library/ssl_tls12_server.o
LOAD ./mbedtls/library/ssl_tls13_client.o
LOAD ./mbedtls/library/ssl_tls13_generic.o
LOAD ./mbedtls/library/ssl_tls13_keys.o
LOAD ./mbedtls/library/ssl_tls13_server.o
LOAD ./mbedtls/library/threading.o
LOAD ./mbedtls/library/timing.o
LOAD ./mbedtls/library/version.o
LOAD ./mbedtls/library/x509.o
LOAD ./mbedtls/library/x509_create.o
LOAD ./mbedtls/library/x509_crl.o
LOAD ./mbedtls/library/x509_crt.o
LOAD ./mbedtls/library/x509_csr.o
LOAD ./mbedtls/library/x509write.o
LOAD ./mbedtls/library/x509write_crt.o
LOAD ./mbedtls/library/x509write_csr.o
START GROUP
LOAD C:/ST/STM32CubeIDE_1.10.1/STM32CubeIDE/plugins/com.st.stm32cube.ide.mcu.externaltools.gnu-tools-for-stm32.13.3.rel1.win32_1.0.0.202411081344/tools/bin/../lib/gcc/arm-none-eabi/13.3.1/../../../../arm-none-eabi/lib/thumb/v7e-m+fp/hard\libc_nano.a
LOAD C:/ST/STM32CubeIDE_1.10.1/STM32CubeIDE/plugins/com.st.stm32cube.ide.mcu.externaltools.gnu-tools-for-stm32.13.3.rel1.win32_1.0.0.202411081344/tools/bin/../lib/gcc/arm-none-eabi/13.3.1/../../../../arm-none-eabi/lib/thumb/v7e-m+fp/hard\libm.a
END GROUP
START GROUP
LOAD C:/ST/STM32CubeIDE_1.10.1/STM32CubeIDE/plugins/com.st.stm32cube.ide.mcu.externaltools.gnu-tools-for-stm32.13.3.rel1.win32_1.0.0.202411081344/tools/bin/../lib/gcc/arm-none-eabi/13.3.1/thumb/v7e-m+fp/hard\libgcc.a
LOAD C:/ST/STM32CubeIDE_1.10.1/STM32CubeIDE/plugins/com.st.stm32cube.ide.mcu.externaltools.gnu-tools-for-stm32.13.3.rel1.win32_1.0.0.202411081344/tools/bin/../lib/gcc/arm-none-eabi/13.3.1/../../../../arm-none-eabi/lib/thumb/v7e-m+fp/hard\libc_nano.a
END GROUP
START GROUP
LOAD C:/ST/STM32CubeIDE_1.10.1/STM32CubeIDE/plugins/com.st.stm32cube.ide.mcu.externaltools.gnu-tools-for-stm32.13.3.rel1.win32_1.0.0.202411081344/tools/bin/../lib/gcc/arm-none-eabi/13.3.1/thumb/v7e-m+fp/hard\libgcc.a
LOAD C:/ST/STM32CubeIDE_1.10.1/STM32CubeIDE/plugins/com.st.stm32cube.ide.mcu.externaltools.gnu-tools-for-stm32.13.3.rel1.win32_1.0.0.202411081344/tools/bin/../lib/gcc/arm-none-eabi/13.3.1/../../../../arm-none-eabi/lib/thumb/v7e-m+fp/hard\libc_nano.a
LOAD C:/ST/STM32CubeIDE_1.10.1/STM32CubeIDE/plugins/com.st.stm32cube.ide.mcu.externaltools.gnu-tools-for-stm32.13.3.rel1.win32_1.0.0.202411081344/tools/bin/../lib/gcc/arm-none-eabi/13.3.1/../../../../arm-none-eabi/lib/thumb/v7e-m+fp/hard\libnosys.a
END GROUP
START GROUP
LOAD C:/ST/STM32CubeIDE_1.10.1/STM32CubeIDE/plugins/com.st.stm32cube.ide.mcu.externaltools.gnu-tools-for-stm32.13.3.rel1.win32_1.0.0.202411081344/tools/bin/../lib/gcc/arm-none-eabi/13.3.1/thumb/v7e-m+fp/hard\libgcc.a
LOAD C:/ST/STM32CubeIDE_1.10.1/STM32CubeIDE/plugins/com.st.stm32cube.ide.mcu.externaltools.gnu-tools-for-stm32.13.3.rel1.win32_1.0.0.202411081344/tools/bin/../lib/gcc/arm-none-eabi/13.3.1/../../../../arm-none-eabi/lib/thumb/v7e-m+fp/hard\libc_nano.a
LOAD C:/ST/STM32CubeIDE_1.10.1/STM32CubeIDE/plugins/com.st.stm32cube.ide.mcu.externaltools.gnu-tools-for-stm32.13.3.rel1.win32_1.0.0.202411081344/tools/bin/../lib/gcc/arm-none-eabi/13.3.1/../../../../arm-none-eabi/lib/thumb/v7e-m+fp/hard\libnosys.a
END GROUP
LOAD C:/ST/STM32CubeIDE_1.10.1/STM32CubeIDE/plugins/com.st.stm32cube.ide.mcu.externaltools.gnu-tools-for-stm32.13.3.rel1.win32_1.0.0.202411081344/tools/bin/../lib/gcc/arm-none-eabi/13.3.1/thumb/v7e-m+fp/hard/crtend.o
LOAD C:/ST/STM32CubeIDE_1.10.1/STM32CubeIDE/plugins/com.st.stm32cube.ide.mcu.externaltools.gnu-tools-for-stm32.13.3.rel1.win32_1.0.0.202411081344/tools/bin/../lib/gcc/arm-none-eabi/13.3.1/thumb/v7e-m+fp/hard/crtn.o
                0x20018000                        _estack = (ORIGIN (RAM) + LENGTH (RAM))
                0x00000200                        _Min_Heap_Size = 0x200
                0x00000400                        _Min_Stack_Size = 0x400

.isr_vector     0x08000000      0x194
                0x08000000                        . = ALIGN (0x4)
 *(.isr_vector)
 .isr_vector    0x08000000      0x194 ./Core/Startup/startup_stm32f401retx.o
                0x08000000                g_pfnVectors
                0x08000194                        . = ALIGN (0x4)

.shareram       0x20000000        0x0
                0x20000000                        . = ALIGN (0x4)
 *(.shareram)

.text           0x08000194     0x1954
                0x08000194                        . = ALIGN (0x4)
 *(.text)
 .text          0x08000194       0x40 C:/ST/STM32CubeIDE_1.10.1/STM32CubeIDE/plugins/com.st.stm32cube.ide.mcu.externaltools.gnu-tools-for-stm32.13.3.rel1.win32_1.0.0.202411081344/tools/bin/../lib/gcc/arm-none-eabi/13.3.1/thumb/v7e-m+fp/hard/crtbegin.o
 .text          0x080001d4       0x30 C:/ST/STM32CubeIDE_1.10.1/STM32CubeIDE/plugins/com.st.stm32cube.ide.mcu.externaltools.gnu-tools-for-stm32.13.3.rel1.win32_1.0.0.202411081344/tools/bin/../lib/gcc/arm-none-eabi/13.3.1/thumb/v7e-m+fp/hard\libgcc.a(_aeabi_uldivmod.o)
                0x080001d4                __aeabi_uldivmod
 .text          0x08000204      0x2f8 C:/ST/STM32CubeIDE_1.10.1/STM32CubeIDE/plugins/com.st.stm32cube.ide.mcu.externaltools.gnu-tools-for-stm32.13.3.rel1.win32_1.0.0.202411081344/tools/bin/../lib/gcc/arm-none-eabi/13.3.1/thumb/v7e-m+fp/hard\libgcc.a(_udivmoddi4.o)
                0x08000204                __udivmoddi4
 .text          0x080004fc        0x4 C:/ST/STM32CubeIDE_1.10.1/STM32CubeIDE/plugins/com.st.stm32cube.ide.mcu.externaltools.gnu-tools-for-stm32.13.3.rel1.win32_1.0.0.202411081344/tools/bin/../lib/gcc/arm-none-eabi/13.3.1/thumb/v7e-m+fp/hard\libgcc.a(_dvmd_tls.o)
                0x080004fc                __aeabi_idiv0
                0x080004fc                __aeabi_ldiv0
 *(.text*)
 .text.Validate_application
                0x08000500       0x5c ./Core/Src/Validation.o
                0x08000500                Validate_application
 .text.Jump_to_RST
                0x0800055c       0x10 ./Core/Src/Validation.o
                0x0800055c                Jump_to_RST
 .text.Read_App_Header
                0x0800056c       0x38 ./Core/Src/Validation.o
                0x0800056c                Read_App_Header
 .text.Jump_to_application
                0x080005a4       0x2c ./Core/Src/Validation.o
                0x080005a4                Jump_to_application
 .text.SystemClock_Config
                0x080005d0       0xa4 ./Core/Src/main.o
                0x080005d0                SystemClock_Config
 .text.startup.main
                0x08000674      0x110 ./Core/Src/main.o
                0x08000674                main
 .text.HAL_GPIO_EXTI_Callback
                0x08000784        0xc ./Core/Src/main.o
                0x08000784                HAL_GPIO_EXTI_Callback
 .text.HAL_MspInit
                0x08000790       0x38 ./Core/Src/stm32f4xx_hal_msp.o
                0x08000790                HAL_MspInit
 .text.HAL_UART_MspInit
                0x080007c8       0x68 ./Core/Src/stm32f4xx_hal_msp.o
                0x080007c8                HAL_UART_MspInit
 .text.NMI_Handler
                0x08000830        0x2 ./Core/Src/stm32f4xx_it.o
                0x08000830                NMI_Handler
 .text.HardFault_Handler
                0x08000832        0x2 ./Core/Src/stm32f4xx_it.o
                0x08000832                HardFault_Handler
 .text.MemManage_Handler
                0x08000834        0x2 ./Core/Src/stm32f4xx_it.o
                0x08000834                MemManage_Handler
 .text.BusFault_Handler
                0x08000836        0x2 ./Core/Src/stm32f4xx_it.o
                0x08000836                BusFault_Handler
 .text.UsageFault_Handler
                0x08000838        0x2 ./Core/Src/stm32f4xx_it.o
                0x08000838                UsageFault_Handler
 .text.SVC_Handler
                0x0800083a        0x2 ./Core/Src/stm32f4xx_it.o
                0x0800083a                SVC_Handler
 .text.DebugMon_Handler
                0x0800083c        0x2 ./Core/Src/stm32f4xx_it.o
                0x0800083c                DebugMon_Handler
 .text.PendSV_Handler
                0x0800083e        0x2 ./Core/Src/stm32f4xx_it.o
                0x0800083e                PendSV_Handler
 .text.SysTick_Handler
                0x08000840        0x4 ./Core/Src/stm32f4xx_it.o
                0x08000840                SysTick_Handler
 .text.EXTI15_10_IRQHandler
                0x08000844        0x8 ./Core/Src/stm32f4xx_it.o
                0x08000844                EXTI15_10_IRQHandler
 .text.SystemInit
                0x0800084c       0x14 ./Core/Src/system_stm32f4xx.o
                0x0800084c                SystemInit
 .text.Reset_Handler
                0x08000860       0x50 ./Core/Startup/startup_stm32f401retx.o
                0x08000860                Reset_Handler
 .text.Default_Handler
                0x080008b0        0x2 ./Core/Startup/startup_stm32f401retx.o
                0x080008b0                RTC_Alarm_IRQHandler
                0x080008b0                EXTI2_IRQHandler
                0x080008b0                SPI4_IRQHandler
                0x080008b0                TIM1_CC_IRQHandler
                0x080008b0                DMA2_Stream5_IRQHandler
                0x080008b0                DMA1_Stream5_IRQHandler
                0x080008b0                PVD_IRQHandler
                0x080008b0                SDIO_IRQHandler
                0x080008b0                TAMP_STAMP_IRQHandler
                0x080008b0                EXTI3_IRQHandler
                0x080008b0                TIM1_UP_TIM10_IRQHandler
                0x080008b0                I2C3_ER_IRQHandler
                0x080008b0                EXTI0_IRQHandler
                0x080008b0                I2C2_EV_IRQHandler
                0x080008b0                DMA1_Stream2_IRQHandler
                0x080008b0                FPU_IRQHandler
                0x080008b0                DMA2_Stream2_IRQHandler
                0x080008b0                SPI1_IRQHandler
                0x080008b0                TIM1_BRK_TIM9_IRQHandler
                0x080008b0                DMA2_Stream3_IRQHandler
                0x080008b0                USART6_IRQHandler
                0x080008b0                DMA2_Stream0_IRQHandler
                0x080008b0                TIM4_IRQHandler
                0x080008b0                I2C1_EV_IRQHandler
                0x080008b0                DMA1_Stream6_IRQHandler
                0x080008b0                DMA1_Stream1_IRQHandler
                0x080008b0                TIM3_IRQHandler
                0x080008b0                RCC_IRQHandler
                0x080008b0                Default_Handler
                0x080008b0                ADC_IRQHandler
                0x080008b0                DMA1_Stream7_IRQHandler
                0x080008b0                TIM5_IRQHandler
                0x080008b0                DMA2_Stream7_IRQHandler
                0x080008b0                I2C3_EV_IRQHandler
                0x080008b0                EXTI9_5_IRQHandler
                0x080008b0                RTC_WKUP_IRQHandler
                0x080008b0                SPI2_IRQHandler
                0x080008b0                DMA1_Stream0_IRQHandler
                0x080008b0                EXTI4_IRQHandler
                0x080008b0                WWDG_IRQHandler
                0x080008b0                TIM2_IRQHandler
                0x080008b0                OTG_FS_WKUP_IRQHandler
                0x080008b0                TIM1_TRG_COM_TIM11_IRQHandler
                0x080008b0                EXTI1_IRQHandler
                0x080008b0                USART2_IRQHandler
                0x080008b0                I2C2_ER_IRQHandler
                0x080008b0                DMA2_Stream1_IRQHandler
                0x080008b0                FLASH_IRQHandler
                0x080008b0                DMA2_Stream4_IRQHandler
                0x080008b0                USART1_IRQHandler
                0x080008b0                OTG_FS_IRQHandler
                0x080008b0                SPI3_IRQHandler
                0x080008b0                DMA1_Stream4_IRQHandler
                0x080008b0                I2C1_ER_IRQHandler
                0x080008b0                DMA2_Stream6_IRQHandler
                0x080008b0                DMA1_Stream3_IRQHandler
 *fill*         0x080008b2        0x2 
 .text.HAL_InitTick
                0x080008b4       0x48 ./Drivers/STM32F4xx_HAL_Driver/Src/stm32f4xx_hal.o
                0x080008b4                HAL_InitTick
 .text.HAL_Init
                0x080008fc       0x34 ./Drivers/STM32F4xx_HAL_Driver/Src/stm32f4xx_hal.o
                0x080008fc                HAL_Init
 .text.HAL_IncTick
                0x08000930       0x18 ./Drivers/STM32F4xx_HAL_Driver/Src/stm32f4xx_hal.o
                0x08000930                HAL_IncTick
 .text.HAL_GetTick
                0x08000948        0xc ./Drivers/STM32F4xx_HAL_Driver/Src/stm32f4xx_hal.o
                0x08000948                HAL_GetTick
 .text.HAL_Delay
                0x08000954       0x28 ./Drivers/STM32F4xx_HAL_Driver/Src/stm32f4xx_hal.o
                0x08000954                HAL_Delay
 .text.HAL_NVIC_SetPriorityGrouping
                0x0800097c       0x24 ./Drivers/STM32F4xx_HAL_Driver/Src/stm32f4xx_hal_cortex.o
                0x0800097c                HAL_NVIC_SetPriorityGrouping
 .text.HAL_NVIC_SetPriority
                0x080009a0       0x64 ./Drivers/STM32F4xx_HAL_Driver/Src/stm32f4xx_hal_cortex.o
                0x080009a0                HAL_NVIC_SetPriority
 .text.HAL_NVIC_EnableIRQ
                0x08000a04       0x1c ./Drivers/STM32F4xx_HAL_Driver/Src/stm32f4xx_hal_cortex.o
                0x08000a04                HAL_NVIC_EnableIRQ
 .text.HAL_SYSTICK_Config
                0x08000a20       0x28 ./Drivers/STM32F4xx_HAL_Driver/Src/stm32f4xx_hal_cortex.o
                0x08000a20                HAL_SYSTICK_Config
 .text.HAL_GPIO_Init
                0x08000a48      0x18c ./Drivers/STM32F4xx_HAL_Driver/Src/stm32f4xx_hal_gpio.o
                0x08000a48                HAL_GPIO_Init
 .text.HAL_GPIO_WritePin
                0x08000bd4        0xa ./Drivers/STM32F4xx_HAL_Driver/Src/stm32f4xx_hal_gpio.o
                0x08000bd4                HAL_GPIO_WritePin
 .text.HAL_GPIO_TogglePin
                0x08000bde       0x12 ./Drivers/STM32F4xx_HAL_Driver/Src/stm32f4xx_hal_gpio.o
                0x08000bde                HAL_GPIO_TogglePin
 .text.HAL_GPIO_EXTI_IRQHandler
                0x08000bf0       0x18 ./Drivers/STM32F4xx_HAL_Driver/Src/stm32f4xx_hal_gpio.o
                0x08000bf0                HAL_GPIO_EXTI_IRQHandler
 .text.HAL_RCC_OscConfig
                0x08000c08      0x35c ./Drivers/STM32F4xx_HAL_Driver/Src/stm32f4xx_hal_rcc.o
                0x08000c08                HAL_RCC_OscConfig
 .text.HAL_RCC_GetSysClockFreq
                0x08000f64       0x5c ./Drivers/STM32F4xx_HAL_Driver/Src/stm32f4xx_hal_rcc.o
                0x08000f64                HAL_RCC_GetSysClockFreq
 .text.HAL_RCC_ClockConfig
                0x08000fc0      0x134 ./Drivers/STM32F4xx_HAL_Driver/Src/stm32f4xx_hal_rcc.o
                0x08000fc0                HAL_RCC_ClockConfig
 .text.HAL_RCC_GetPCLK1Freq
                0x080010f4       0x20 ./Drivers/STM32F4xx_HAL_Driver/Src/stm32f4xx_hal_rcc.o
                0x080010f4                HAL_RCC_GetPCLK1Freq
 .text.HAL_RCC_GetPCLK2Freq
                0x08001114       0x20 ./Drivers/STM32F4xx_HAL_Driver/Src/stm32f4xx_hal_rcc.o
                0x08001114                HAL_RCC_GetPCLK2Freq
 .text.UART_SetConfig
                0x08001134       0xbc ./Drivers/STM32F4xx_HAL_Driver/Src/stm32f4xx_hal_uart.o
 .text.HAL_UART_Init
                0x080011f0       0x5e ./Drivers/STM32F4xx_HAL_Driver/Src/stm32f4xx_hal_uart.o
                0x080011f0                HAL_UART_Init
 *fill*         0x0800124e        0x2 
 .text.mbedtls_platform_zeroize
                0x08001250       0x18 ./mbedtls/library/platform_util.o
                0x08001250                mbedtls_platform_zeroize
 .text.mbedtls_sha256_init
                0x08001268        0x8 ./mbedtls/library/sha256.o
                0x08001268                mbedtls_sha256_init
 .text.mbedtls_sha256_free
                0x08001270        0xa ./mbedtls/library/sha256.o
                0x08001270                mbedtls_sha256_free
 *fill*         0x0800127a        0x2 
 .text.mbedtls_internal_sha256_process
                0x0800127c      0x6a4 ./mbedtls/library/sha256.o
                0x0800127c                mbedtls_internal_sha256_process
 .text.mbedtls_sha256_update
                0x08001920       0x78 ./mbedtls/library/sha256.o
                0x08001920                mbedtls_sha256_update
 .text.mbedtls_sha256_finish
                0x08001998       0xa2 ./mbedtls/library/sha256.o
                0x08001998                mbedtls_sha256_finish
 .text.memcmp   0x08001a3a       0x20 C:/ST/STM32CubeIDE_1.10.1/STM32CubeIDE/plugins/com.st.stm32cube.ide.mcu.externaltools.gnu-tools-for-stm32.13.3.rel1.win32_1.0.0.202411081344/tools/bin/../lib/gcc/arm-none-eabi/13.3.1/../../../../arm-none-eabi/lib/thumb/v7e-m+fp/hard\libc_nano.a(libc_a-memcmp.o)
                0x08001a3a                memcmp
 .text.memset   0x08001a5a       0x10 C:/ST/STM32CubeIDE_1.10.1/STM32CubeIDE/plugins/com.st.stm32cube.ide.mcu.externaltools.gnu-tools-for-stm32.13.3.rel1.win32_1.0.0.202411081344/tools/bin/../lib/gcc/arm-none-eabi/13.3.1/../../../../arm-none-eabi/lib/thumb/v7e-m+fp/hard\libc_nano.a(libc_a-memset.o)
                0x08001a5a                memset
 *fill*         0x08001a6a        0x2 
 .text.__libc_init_array
                0x08001a6c       0x48 C:/ST/STM32CubeIDE_1.10.1/STM32CubeIDE/plugins/com.st.stm32cube.ide.mcu.externaltools.gnu-tools-for-stm32.13.3.rel1.win32_1.0.0.202411081344/tools/bin/../lib/gcc/arm-none-eabi/13.3.1/../../../../arm-none-eabi/lib/thumb/v7e-m+fp/hard\libc_nano.a(libc_a-init.o)
                0x08001a6c                __libc_init_array
 .text.memcpy   0x08001ab4       0x1c C:/ST/STM32CubeIDE_1.10.1/STM32CubeIDE/plugins/com.st.stm32cube.ide.mcu.externaltools.gnu-tools-for-stm32.13.3.rel1.win32_1.0.0.202411081344/tools/bin/../lib/gcc/arm-none-eabi/13.3.1/../../../../arm-none-eabi/lib/thumb/v7e-m+fp/hard\libc_nano.a(libc_a-memcpy-stub.o)
                0x08001ab4                memcpy
 *(.glue_7)
 .glue_7        0x08001ad0        0x0 linker stubs
 *(.glue_7t)
 .glue_7t       0x08001ad0        0x0 linker stubs
 *(.eh_frame)
 .eh_frame      0x08001ad0        0x0 C:/ST/STM32CubeIDE_1.10.1/STM32CubeIDE/plugins/com.st.stm32cube.ide.mcu.externaltools.gnu-tools-for-stm32.13.3.rel1.win32_1.0.0.202411081344/tools/bin/../lib/gcc/arm-none-eabi/13.3.1/thumb/v7e-m+fp/hard/crtbegin.o
 *(.init)
 .init          0x08001ad0        0x4 C:/ST/STM32CubeIDE_1.10.1/STM32CubeIDE/plugins/com.st.stm32cube.ide.mcu.externaltools.gnu-tools-for-stm32.13.3.rel1.win32_1.0.0.202411081344/tools/bin/../lib/gcc/arm-none-eabi/13.3.1/thumb/v7e-m+fp/hard/crti.o
                0x08001ad0                _init
 .init          0x08001ad4        0x8 C:/ST/STM32CubeIDE_1.10.1/STM32CubeIDE/plugins/com.st.stm32cube.ide.mcu.externaltools.gnu-tools-for-stm32.13.3.rel1.win32_1.0.0.202411081344/tools/bin/../lib/gcc/arm-none-eabi/13.3.1/thumb/v7e-m+fp/hard/crtn.o
 *(.fini)
 .fini          0x08001adc        0x4 C:/ST/STM32CubeIDE_1.10.1/STM32CubeIDE/plugins/com.st.stm32cube.ide.mcu.externaltools.gnu-tools-for-stm32.13.3.rel1.win32_1.0.0.202411081344/tools/bin/../lib/gcc/arm-none-eabi/13.3.1/thumb/v7e-m+fp/hard/crti.o
                0x08001adc                _fini
 .fini          0x08001ae0        0x8 C:/ST/STM32CubeIDE_1.10.1/STM32CubeIDE/plugins/com.st.stm32cube.ide.mcu.externaltools.gnu-tools-for-stm32.13.3.rel1.win32_1.0.0.202411081344/tools/bin/../lib/gcc/arm-none-eabi/13.3.1/thumb/v7e-m+fp/hard/crtn.o
                0x08001ae8                        . = ALIGN (0x4)
                0x08001ae8                        _etext = .

.vfp11_veneer   0x08001ae8        0x0
 .vfp11_veneer  0x08001ae8        0x0 linker stubs

.v4_bx          0x08001ae8        0x0
 .v4_bx         0x08001ae8        0x0 linker stubs

.iplt           0x08001ae8        0x0
 .iplt          0x08001ae8        0x0 C:/ST/STM32CubeIDE_1.10.1/STM32CubeIDE/plugins/com.st.stm32cube.ide.mcu.externaltools.gnu-tools-for-stm32.13.3.rel1.win32_1.0.0.202411081344/tools/bin/../lib/gcc/arm-none-eabi/13.3.1/thumb/v7e-m+fp/hard/crtbegin.o

.rodata         0x08001ae8      0x11c
                0x08001ae8                        . = ALIGN (0x4)
 *(.rodata)
 *(.rodata*)
 .rodata.APBPrescTable
                0x08001ae8        0x8 ./Core/Src/system_stm32f4xx.o
                0x08001ae8                APBPrescTable
 .rodata.AHBPrescTable
                0x08001af0       0x10 ./Core/Src/system_stm32f4xx.o
                0x08001af0                AHBPrescTable
 .rodata.memset_func
                0x08001b00        0x4 ./mbedtls/library/platform_util.o
 .rodata.K      0x08001b04      0x100 ./mbedtls/library/sha256.o
                0x08001c04                        . = ALIGN (0x4)

.ARM.extab      0x08001c04        0x0
                0x08001c04                        . = ALIGN (0x4)
 *(.ARM.extab* .gnu.linkonce.armextab.*)
                0x08001c04                        . = ALIGN (0x4)

.ARM            0x08001c04        0x8
                0x08001c04                        . = ALIGN (0x4)
                0x08001c04                        __exidx_start = .
 *(.ARM.exidx*)
 .ARM.exidx     0x08001c04        0x8 C:/ST/STM32CubeIDE_1.10.1/STM32CubeIDE/plugins/com.st.stm32cube.ide.mcu.externaltools.gnu-tools-for-stm32.13.3.rel1.win32_1.0.0.202411081344/tools/bin/../lib/gcc/arm-none-eabi/13.3.1/thumb/v7e-m+fp/hard\libgcc.a(_udivmoddi4.o)
                0x08001c0c                        __exidx_end = .
                0x08001c0c                        . = ALIGN (0x4)

.preinit_array  0x08001c0c        0x0
                0x08001c0c                        . = ALIGN (0x4)
                0x08001c0c                        PROVIDE (__preinit_array_start = .)
 *(.preinit_array*)
                0x08001c0c                        PROVIDE (__preinit_array_end = .)
                0x08001c0c                        . = ALIGN (0x4)

.init_array     0x08001c0c        0x4
                0x08001c0c                        . = ALIGN (0x4)
                0x08001c0c                        PROVIDE (__init_array_start = .)
 *(SORT_BY_NAME(.init_array.*))
 *(.init_array*)
 .init_array    0x08001c0c        0x4 C:/ST/STM32CubeIDE_1.10.1/STM32CubeIDE/plugins/com.st.stm32cube.ide.mcu.externaltools.gnu-tools-for-stm32.13.3.rel1.win32_1.0.0.202411081344/tools/bin/../lib/gcc/arm-none-eabi/13.3.1/thumb/v7e-m+fp/hard/crtbegin.o
                0x08001c10                        PROVIDE (__init_array_end = .)
                0x08001c10                        . = ALIGN (0x4)

.fini_array     0x08001c10        0x4
                0x08001c10                        . = ALIGN (0x4)
                [!provide]                        PROVIDE (__fini_array_start = .)
 *(SORT_BY_NAME(.fini_array.*))
 *(.fini_array*)
 .fini_array    0x08001c10        0x4 C:/ST/STM32CubeIDE_1.10.1/STM32CubeIDE/plugins/com.st.stm32cube.ide.mcu.externaltools.gnu-tools-for-stm32.13.3.rel1.win32_1.0.0.202411081344/tools/bin/../lib/gcc/arm-none-eabi/13.3.1/thumb/v7e-m+fp/hard/crtbegin.o
                [!provide]                        PROVIDE (__fini_array_end = .)
                0x08001c14                        . = ALIGN (0x4)
                0x08001c14                        _sidata = LOADADDR (.data)

.rel.dyn        0x08001c14        0x0
 .rel.iplt      0x08001c14        0x0 C:/ST/STM32CubeIDE_1.10.1/STM32CubeIDE/plugins/com.st.stm32cube.ide.mcu.externaltools.gnu-tools-for-stm32.13.3.rel1.win32_1.0.0.202411081344/tools/bin/../lib/gcc/arm-none-eabi/13.3.1/thumb/v7e-m+fp/hard/crtbegin.o

.data           0x20001000        0xc load address 0x08001c14
                0x20001000                        . = ALIGN (0x4)
                0x20001000                        _sdata = .
 *(.data)
 *(.data*)
 .data.SystemCoreClock
                0x20001000        0x4 ./Core/Src/system_stm32f4xx.o
                0x20001000                SystemCoreClock
 .data.uwTickFreq
                0x20001004        0x1 ./Drivers/STM32F4xx_HAL_Driver/Src/stm32f4xx_hal.o
                0x20001004                uwTickFreq
 *fill*         0x20001005        0x3 
 .data.uwTickPrio
                0x20001008        0x4 ./Drivers/STM32F4xx_HAL_Driver/Src/stm32f4xx_hal.o
                0x20001008                uwTickPrio
 *(.RamFunc)
 *(.RamFunc*)
                0x2000100c                        . = ALIGN (0x4)
                0x2000100c                        _edata = .

.igot.plt       0x2000100c        0x0 load address 0x08001c20
 .igot.plt      0x2000100c        0x0 C:/ST/STM32CubeIDE_1.10.1/STM32CubeIDE/plugins/com.st.stm32cube.ide.mcu.externaltools.gnu-tools-for-stm32.13.3.rel1.win32_1.0.0.202411081344/tools/bin/../lib/gcc/arm-none-eabi/13.3.1/thumb/v7e-m+fp/hard/crtbegin.o
                0x2000100c                        . = ALIGN (0x4)

.bss            0x2000100c       0xe0 load address 0x08001c20
                0x2000100c                        _sbss = .
                0x2000100c                        __bss_start__ = _sbss
 *(.bss)
 .bss           0x2000100c       0x1c C:/ST/STM32CubeIDE_1.10.1/STM32CubeIDE/plugins/com.st.stm32cube.ide.mcu.externaltools.gnu-tools-for-stm32.13.3.rel1.win32_1.0.0.202411081344/tools/bin/../lib/gcc/arm-none-eabi/13.3.1/thumb/v7e-m+fp/hard/crtbegin.o
 *(.bss*)
 .bss.out_hash  0x20001028       0x20 ./Core/Src/Validation.o
                0x20001028                out_hash
 .bss.Data      0x20001048       0x2c ./Core/Src/Validation.o
                0x20001048                Data
 .bss.AppHeader
                0x20001074       0x29 ./Core/Src/Validation.o
                0x20001074                AppHeader
 .bss.Jump      0x2000109d        0x1 ./Core/Src/main.o
                0x2000109d                Jump
 *fill*         0x2000109e        0x2 
 .bss.huart2    0x200010a0       0x48 ./Core/Src/main.o
                0x200010a0                huart2
 .bss.uwTick    0x200010e8        0x4 ./Drivers/STM32F4xx_HAL_Driver/Src/stm32f4xx_hal.o
                0x200010e8                uwTick
 *(COMMON)
                0x200010ec                        . = ALIGN (0x4)
                0x200010ec                        _ebss = .
                0x200010ec                        __bss_end__ = _ebss

._user_heap_stack
                0x200010ec      0x604 load address 0x08001c20
                0x200010f0                        . = ALIGN (0x8)
 *fill*         0x200010ec        0x4 
                [!provide]                        PROVIDE (end = .)
                0x200010f0                        PROVIDE (_end = .)
                0x200012f0                        . = (. + _Min_Heap_Size)
 *fill*         0x200010f0      0x200 
                0x200016f0                        . = (. + _Min_Stack_Size)
 *fill*         0x200012f0      0x400 
                0x200016f0                        . = ALIGN (0x8)

/DISCARD/
 libc.a(*)
 libm.a(*)
 libgcc.a(*)

.ARM.attributes
                0x00000000       0x30
 *(.ARM.attributes)
 .ARM.attributes
                0x00000000       0x22 C:/ST/STM32CubeIDE_1.10.1/STM32CubeIDE/plugins/com.st.stm32cube.ide.mcu.externaltools.gnu-tools-for-stm32.13.3.rel1.win32_1.0.0.202411081344/tools/bin/../lib/gcc/arm-none-eabi/13.3.1/thumb/v7e-m+fp/hard/crti.o
 .ARM.attributes
                0x00000022       0x34 C:/ST/STM32CubeIDE_1.10.1/STM32CubeIDE/plugins/com.st.stm32cube.ide.mcu.externaltools.gnu-tools-for-stm32.13.3.rel1.win32_1.0.0.202411081344/tools/bin/../lib/gcc/arm-none-eabi/13.3.1/thumb/v7e-m+fp/hard/crtbegin.o
 .ARM.attributes
                0x00000056       0x34 ./Core/Src/Validation.o
 .ARM.attributes
                0x0000008a       0x34 ./Core/Src/main.o
 .ARM.attributes
                0x000000be       0x34 ./Core/Src/stm32f4xx_hal_msp.o
 .ARM.attributes
                0x000000f2       0x34 ./Core/Src/stm32f4xx_it.o
 .ARM.attributes
                0x00000126       0x34 ./Core/Src/system_stm32f4xx.o
 .ARM.attributes
                0x0000015a       0x21 ./Core/Startup/startup_stm32f401retx.o
 .ARM.attributes
                0x0000017b       0x34 ./Drivers/STM32F4xx_HAL_Driver/Src/stm32f4xx_hal.o
 .ARM.attributes
                0x000001af       0x34 ./Drivers/STM32F4xx_HAL_Driver/Src/stm32f4xx_hal_cortex.o
 .ARM.attributes
                0x000001e3       0x34 ./Drivers/STM32F4xx_HAL_Driver/Src/stm32f4xx_hal_gpio.o
 .ARM.attributes
                0x00000217       0x34 ./Drivers/STM32F4xx_HAL_Driver/Src/stm32f4xx_hal_rcc.o
 .ARM.attributes
                0x0000024b       0x34 ./Drivers/STM32F4xx_HAL_Driver/Src/stm32f4xx_hal_uart.o
 .ARM.attributes
                0x0000027f       0x34 ./mbedtls/library/platform_util.o
 .ARM.attributes
                0x000002b3       0x34 ./mbedtls/library/sha256.o
 .ARM.attributes
                0x000002e7       0x34 C:/ST/STM32CubeIDE_1.10.1/STM32CubeIDE/plugins/com.st.stm32cube.ide.mcu.externaltools.gnu-tools-for-stm32.13.3.rel1.win32_1.0.0.202411081344/tools/bin/../lib/gcc/arm-none-eabi/13.3.1/../../../../arm-none-eabi/lib/thumb/v7e-m+fp/hard\libc_nano.a(libc_a-memcmp.o)
 .ARM.attributes
                0x0000031b       0x34 C:/ST/STM32CubeIDE_1.10.1/STM32CubeIDE/plugins/com.st.stm32cube.ide.mcu.externaltools.gnu-tools-for-stm32.13.3.rel1.win32_1.0.0.202411081344/tools/bin/../lib/gcc/arm-none-eabi/13.3.1/../../../../arm-none-eabi/lib/thumb/v7e-m+fp/hard\libc_nano.a(libc_a-memset.o)
 .ARM.attributes
                0x0000034f       0x34 C:/ST/STM32CubeIDE_1.10.1/STM32CubeIDE/plugins/com.st.stm32cube.ide.mcu.externaltools.gnu-tools-for-stm32.13.3.rel1.win32_1.0.0.202411081344/tools/bin/../lib/gcc/arm-none-eabi/13.3.1/../../../../arm-none-eabi/lib/thumb/v7e-m+fp/hard\libc_nano.a(libc_a-init.o)
 .ARM.attributes
                0x00000383       0x34 C:/ST/STM32CubeIDE_1.10.1/STM32CubeIDE/plugins/com.st.stm32cube.ide.mcu.externaltools.gnu-tools-for-stm32.13.3.rel1.win32_1.0.0.202411081344/tools/bin/../lib/gcc/arm-none-eabi/13.3.1/../../../../arm-none-eabi/lib/thumb/v7e-m+fp/hard\libc_nano.a(libc_a-memcpy-stub.o)
 .ARM.attributes
                0x000003b7       0x22 C:/ST/STM32CubeIDE_1.10.1/STM32CubeIDE/plugins/com.st.stm32cube.ide.mcu.externaltools.gnu-tools-for-stm32.13.3.rel1.win32_1.0.0.202411081344/tools/bin/../lib/gcc/arm-none-eabi/13.3.1/thumb/v7e-m+fp/hard\libgcc.a(_aeabi_uldivmod.o)
 .ARM.attributes
                0x000003d9       0x34 C:/ST/STM32CubeIDE_1.10.1/STM32CubeIDE/plugins/com.st.stm32cube.ide.mcu.externaltools.gnu-tools-for-stm32.13.3.rel1.win32_1.0.0.202411081344/tools/bin/../lib/gcc/arm-none-eabi/13.3.1/thumb/v7e-m+fp/hard\libgcc.a(_udivmoddi4.o)
 .ARM.attributes
                0x0000040d       0x22 C:/ST/STM32CubeIDE_1.10.1/STM32CubeIDE/plugins/com.st.stm32cube.ide.mcu.externaltools.gnu-tools-for-stm32.13.3.rel1.win32_1.0.0.202411081344/tools/bin/../lib/gcc/arm-none-eabi/13.3.1/thumb/v7e-m+fp/hard\libgcc.a(_dvmd_tls.o)
 .ARM.attributes
                0x0000042f       0x22 C:/ST/STM32CubeIDE_1.10.1/STM32CubeIDE/plugins/com.st.stm32cube.ide.mcu.externaltools.gnu-tools-for-stm32.13.3.rel1.win32_1.0.0.202411081344/tools/bin/../lib/gcc/arm-none-eabi/13.3.1/thumb/v7e-m+fp/hard/crtn.o
OUTPUT(BootLoader_Secure.elf elf32-littlearm)
LOAD linker stubs
LOAD C:/ST/STM32CubeIDE_1.10.1/STM32CubeIDE/plugins/com.st.stm32cube.ide.mcu.externaltools.gnu-tools-for-stm32.13.3.rel1.win32_1.0.0.202411081344/tools/bin/../lib/gcc/arm-none-eabi/13.3.1/../../../../arm-none-eabi/lib/thumb/v7e-m+fp/hard\libc.a
LOAD C:/ST/STM32CubeIDE_1.10.1/STM32CubeIDE/plugins/com.st.stm32cube.ide.mcu.externaltools.gnu-tools-for-stm32.13.3.rel1.win32_1.0.0.202411081344/tools/bin/../lib/gcc/arm-none-eabi/13.3.1/../../../../arm-none-eabi/lib/thumb/v7e-m+fp/hard\libm.a
LOAD C:/ST/STM32CubeIDE_1.10.1/STM32CubeIDE/plugins/com.st.stm32cube.ide.mcu.externaltools.gnu-tools-for-stm32.13.3.rel1.win32_1.0.0.202411081344/tools/bin/../lib/gcc/arm-none-eabi/13.3.1/thumb/v7e-m+fp/hard\libgcc.a

.comment        0x00000000       0x43
 .comment       0x00000000       0x43 ./Core/Src/Validation.o
                                 0x44 (size before relaxing)
 .comment       0x00000043       0x44 ./Core/Src/main.o
 .comment       0x00000043       0x44 ./Core/Src/stm32f4xx_hal_msp.o
 .comment       0x00000043       0x44 ./Core/Src/stm32f4xx_it.o
 .comment       0x00000043       0x44 ./Core/Src/system_stm32f4xx.o
 .comment       0x00000043       0x44 ./Drivers/STM32F4xx_HAL_Driver/Src/stm32f4xx_hal.o
 .comment       0x00000043       0x44 ./Drivers/STM32F4xx_HAL_Driver/Src/stm32f4xx_hal_cortex.o
 .comment       0x00000043       0x44 ./Drivers/STM32F4xx_HAL_Driver/Src/stm32f4xx_hal_gpio.o
 .comment       0x00000043       0x44 ./Drivers/STM32F4xx_HAL_Driver/Src/stm32f4xx_hal_rcc.o
 .comment       0x00000043       0x44 ./Drivers/STM32F4xx_HAL_Driver/Src/stm32f4xx_hal_uart.o
 .comment       0x00000043       0x44 ./mbedtls/library/platform_util.o
 .comment       0x00000043       0x44 ./mbedtls/library/sha256.o

.debug_frame    0x00000000       0xfc
 .debug_frame   0x00000000       0x28 C:/ST/STM32CubeIDE_1.10.1/STM32CubeIDE/plugins/com.st.stm32cube.ide.mcu.externaltools.gnu-tools-for-stm32.13.3.rel1.win32_1.0.0.202411081344/tools/bin/../lib/gcc/arm-none-eabi/13.3.1/../../../../arm-none-eabi/lib/thumb/v7e-m+fp/hard\libc_nano.a(libc_a-memcmp.o)
 .debug_frame   0x00000028       0x20 C:/ST/STM32CubeIDE_1.10.1/STM32CubeIDE/plugins/com.st.stm32cube.ide.mcu.externaltools.gnu-tools-for-stm32.13.3.rel1.win32_1.0.0.202411081344/tools/bin/../lib/gcc/arm-none-eabi/13.3.1/../../../../arm-none-eabi/lib/thumb/v7e-m+fp/hard\libc_nano.a(libc_a-memset.o)
 .debug_frame   0x00000048       0x2c C:/ST/STM32CubeIDE_1.10.1/STM32CubeIDE/plugins/com.st.stm32cube.ide.mcu.externaltools.gnu-tools-for-stm32.13.3.rel1.win32_1.0.0.202411081344/tools/bin/../lib/gcc/arm-none-eabi/13.3.1/../../../../arm-none-eabi/lib/thumb/v7e-m+fp/hard\libc_nano.a(libc_a-init.o)
 .debug_frame   0x00000074       0x28 C:/ST/STM32CubeIDE_1.10.1/STM32CubeIDE/plugins/com.st.stm32cube.ide.mcu.externaltools.gnu-tools-for-stm32.13.3.rel1.win32_1.0.0.202411081344/tools/bin/../lib/gcc/arm-none-eabi/13.3.1/../../../../arm-none-eabi/lib/thumb/v7e-m+fp/hard\libc_nano.a(libc_a-memcpy-stub.o)
 .debug_frame   0x0000009c       0x2c C:/ST/STM32CubeIDE_1.10.1/STM32CubeIDE/plugins/com.st.stm32cube.ide.mcu.externaltools.gnu-tools-for-stm32.13.3.rel1.win32_1.0.0.202411081344/tools/bin/../lib/gcc/arm-none-eabi/13.3.1/thumb/v7e-m+fp/hard\libgcc.a(_aeabi_uldivmod.o)
 .debug_frame   0x000000c8       0x34 C:/ST/STM32CubeIDE_1.10.1/STM32CubeIDE/plugins/com.st.stm32cube.ide.mcu.externaltools.gnu-tools-for-stm32.13.3.rel1.win32_1.0.0.202411081344/tools/bin/../lib/gcc/arm-none-eabi/13.3.1/thumb/v7e-m+fp/hard\libgcc.a(_udivmoddi4.o)
