../Core/Src/Validation.c:18:6:Jump_to_application	8	static
../Core/Src/Validation.c:28:6:Validate_application	144	static
../Core/Src/Validation.c:46:6:Jump_to_RST	16	static
../Core/Src/Validation.c:52:6:Read_App_Header	24	static
../Core/Src/Validation.c:60:6:sha256_transform	320	static
../Core/Src/Validation.c:101:6:sha256_init	16	static
../Core/Src/Validation.c:115:6:sha256_update	40	static
../Core/Src/Validation.c:128:6:sha256_final	40	static
../Core/Src/Validation.c:170:6:compute_app_sha256	144	static
