../mbedtls/library/ccm.c:156:12:ccm_calculate_first_block_if_ready	32	static
../mbedtls/library/ccm.c:123:12:mbedtls_ccm_crypt	64	static
../mbedtls/library/ccm.c:47:6:mbedtls_ccm_init	0	static
../mbedtls/library/ccm.c:52:5:mbedtls_ccm_setkey	24	static
../mbedtls/library/ccm.c:100:6:mbedtls_ccm_free	8	static
../mbedtls/library/ccm.c:224:5:mbedtls_ccm_starts	24	static
../mbedtls/library/ccm.c:262:5:mbedtls_ccm_set_lengths	8	static
../mbedtls/library/ccm.c:291:5:mbedtls_ccm_update_ad	48	static
../mbedtls/library/ccm.c:360:5:mbedtls_ccm_update	80	static
../mbedtls/library/ccm.c:474:5:mbedtls_ccm_finish	32	static
../mbedtls/library/ccm.c:526:12:ccm_auth_crypt	56	static
../mbedtls/library/ccm.c:562:5:mbedtls_ccm_star_encrypt_and_tag	40	static
../mbedtls/library/ccm.c:572:5:mbedtls_ccm_encrypt_and_tag	40	static
../mbedtls/library/ccm.c:622:5:mbedtls_ccm_star_auth_decrypt	72	static
../mbedtls/library/ccm.c:633:5:mbedtls_ccm_auth_decrypt	72	static
../mbedtls/library/ccm.c:694:5:mbedtls_ccm_self_test	264	static
