../mbedtls/library/cipher_wrap.c:132:13:gcm_ctx_free	8	static
../mbedtls/library/cipher_wrap.c:121:14:gcm_ctx_alloc	8	static
../mbedtls/library/cipher_wrap.c:570:12:gcm_aes_setkey_wrap	0	static
../mbedtls/library/cipher_wrap.c:154:13:ccm_ctx_free	8	static
../mbedtls/library/cipher_wrap.c:143:14:ccm_ctx_alloc	8	static
../mbedtls/library/cipher_wrap.c:654:12:ccm_aes_setkey_wrap	0	static
../mbedtls/library/cipher_wrap.c:260:13:aes_ctx_free	8	static
../mbedtls/library/cipher_wrap.c:247:14:aes_ctx_alloc	8	static
../mbedtls/library/cipher_wrap.c:234:12:aes_setkey_dec_wrap	0	static
../mbedtls/library/cipher_wrap.c:241:12:aes_setkey_enc_wrap	0	static
../mbedtls/library/cipher_wrap.c:170:12:aes_crypt_cbc_wrap	0	static
../mbedtls/library/cipher_wrap.c:163:12:aes_crypt_ecb_wrap	0	static
