../mbedtls/library/constant_time_impl.h:120:38:mbedtls_ct_bool	0	static
../mbedtls/library/cipher.c:831:13:add_pkcs_padding	8	static
../mbedtls/library/cipher.c:1012:12:get_no_padding	0	static
../mbedtls/library/constant_time_impl.h:271:38:mbedtls_ct_uint_lt	8	static
../mbedtls/library/cipher.c:847:29:mbedtls_get_pkcs_padding	48	static
../mbedtls/library/cipher.c:65:12:mbedtls_cipher_list	0	static
../mbedtls/library/cipher.c:86:30:mbedtls_cipher_info_from_type	0	static
../mbedtls/library/cipher.c:100:30:mbedtls_cipher_info_from_string	16	static
../mbedtls/library/cipher.c:118:30:mbedtls_cipher_info_from_values	20	static
../mbedtls/library/cipher.c:202:6:mbedtls_cipher_init	0	static
../mbedtls/library/cipher.c:207:6:mbedtls_cipher_free	8	static
../mbedtls/library/cipher.c:246:5:mbedtls_cipher_setup	16	static
../mbedtls/library/cipher.c:303:5:mbedtls_cipher_setkey	12	static
../mbedtls/library/cipher.c:413:5:mbedtls_cipher_set_iv	24	static
../mbedtls/library/cipher.c:512:5:mbedtls_cipher_reset	0	static
../mbedtls/library/cipher.c:532:5:mbedtls_cipher_update_ad	0	static
../mbedtls/library/cipher.c:580:5:mbedtls_cipher_update	56	static
../mbedtls/library/cipher.c:1025:5:mbedtls_cipher_finish_padded	32	static
../mbedtls/library/cipher.c:1134:5:mbedtls_cipher_finish	16	static
../mbedtls/library/cipher.c:1148:5:mbedtls_cipher_set_padding_mode	0	static
../mbedtls/library/cipher.c:1208:5:mbedtls_cipher_write_tag	24	static
../mbedtls/library/cipher.c:1254:5:mbedtls_cipher_check_tag	56	static
../mbedtls/library/cipher.c:1335:5:mbedtls_cipher_crypt	40	static
../mbedtls/library/cipher.c:1614:5:mbedtls_cipher_auth_encrypt_ext	64	static
../mbedtls/library/cipher.c:1665:5:mbedtls_cipher_auth_decrypt_ext	56	static
