../mbedtls/library/ecp.c:3443:12:self_test_rng	16	static
../mbedtls/library/ecp.c:319:13:mpi_init_many	16	static
../mbedtls/library/ecp.c:326:13:mpi_free_many	16	static
../mbedtls/library/ecp.c:1455:12:ecp_safe_invert_jac	32	static
../mbedtls/library/ecp.c:2010:12:ecp_select_comb	48	static
../mbedtls/library/ecp.c:1076:19:mbedtls_mpi_sub_mod	16	static
../mbedtls/library/ecp.c:1053:19:mbedtls_mpi_mul_mod	16	static
../mbedtls/library/ecp.c:1312:12:ecp_normalize_jac	32	static
../mbedtls/library/ecp.c:1358:12:ecp_normalize_jac_many	56	static
../mbedtls/library/ecp.c:1097:19:mbedtls_mpi_add_mod	16	static
../mbedtls/library/ecp.c:1110:19:mbedtls_mpi_mul_int_mod.part.0	16	static
../mbedtls/library/ecp.c:546:6:mbedtls_ecp_point_free.part.0	8	static
../mbedtls/library/ecp.c:1141:19:mbedtls_mpi_shift_l_mod.constprop	16	static
../mbedtls/library/ecp.c:1223:12:ecp_sw_rhs	24	static
../mbedtls/library/ecp.c:1484:12:ecp_double_jac	40	static
../mbedtls/library/ecp.c:398:31:mbedtls_ecp_curve_list	0	static
../mbedtls/library/ecp.c:406:29:mbedtls_ecp_grp_id_list	16	static
../mbedtls/library/ecp.c:430:31:mbedtls_ecp_curve_info_from_grp_id	0	static
../mbedtls/library/ecp.c:448:31:mbedtls_ecp_curve_info_from_tls_id	0	static
../mbedtls/library/ecp.c:466:31:mbedtls_ecp_curve_info_from_name	16	static
../mbedtls/library/ecp.c:488:24:mbedtls_ecp_get_type	0	static
../mbedtls/library/ecp.c:504:6:mbedtls_ecp_point_init	8	static
../mbedtls/library/ecp.c:514:6:mbedtls_ecp_group_init	16	static
../mbedtls/library/ecp.c:536:6:mbedtls_ecp_keypair_init	8	static
../mbedtls/library/ecp.c:546:6:mbedtls_ecp_point_free	0	static
../mbedtls/library/ecp.c:573:6:mbedtls_ecp_group_free	16	static
../mbedtls/library/ecp.c:605:6:mbedtls_ecp_keypair_free	8	static
../mbedtls/library/ecp.c:619:5:mbedtls_ecp_copy	16	static
../mbedtls/library/ecp.c:633:5:mbedtls_ecp_group_copy	0	static
../mbedtls/library/ecp.c:641:5:mbedtls_ecp_set_zero	8	static
../mbedtls/library/ecp.c:1581:12:ecp_add_mixed	40	static
../mbedtls/library/ecp.c:2272:12:ecp_mul_comb.isra	344	static
../mbedtls/library/ecp.c:655:5:mbedtls_ecp_is_zero	8	static
../mbedtls/library/ecp.c:663:5:mbedtls_ecp_point_cmp	16	static
../mbedtls/library/ecp.c:678:5:mbedtls_ecp_point_read_string	16	static
../mbedtls/library/ecp.c:693:5:mbedtls_ecp_point_write_binary	40	static
../mbedtls/library/ecp.c:771:5:mbedtls_ecp_point_read_binary	64	static
../mbedtls/library/ecp.c:846:5:mbedtls_ecp_tls_read_point	8	static
../mbedtls/library/ecp.c:879:5:mbedtls_ecp_tls_write_point	24	static
../mbedtls/library/ecp.c:929:5:mbedtls_ecp_tls_read_group_id	8	static
../mbedtls/library/ecp.c:913:5:mbedtls_ecp_tls_read_group	16	static
../mbedtls/library/ecp.c:966:5:mbedtls_ecp_tls_write_group	16	static
../mbedtls/library/ecp.c:2998:5:mbedtls_ecp_check_pubkey	40	static
../mbedtls/library/ecp.c:3022:5:mbedtls_ecp_check_privkey	16	static
../mbedtls/library/ecp.c:2597:12:ecp_mul_restartable_internal.isra	136	static
../mbedtls/library/ecp.c:2736:12:mbedtls_ecp_mul_shortcuts.isra	40	static
../mbedtls/library/ecp.c:2771:5:mbedtls_ecp_muladd_restartable	88	static
../mbedtls/library/ecp.c:2875:5:mbedtls_ecp_muladd	24	static
../mbedtls/library/ecp.c:2668:5:mbedtls_ecp_mul_restartable	8	static
../mbedtls/library/ecp.c:2683:5:mbedtls_ecp_mul	24	static
../mbedtls/library/ecp.c:3494:12:self_test_point.constprop	72	static
../mbedtls/library/ecp.c:3108:5:mbedtls_ecp_gen_privkey	32	static
../mbedtls/library/ecp.c:3132:5:mbedtls_ecp_gen_keypair_base	32	static
../mbedtls/library/ecp.c:3149:5:mbedtls_ecp_gen_keypair	16	static
../mbedtls/library/ecp.c:3160:5:mbedtls_ecp_gen_key	24	static
../mbedtls/library/ecp.c:3172:5:mbedtls_ecp_set_public_key	16	static
../mbedtls/library/ecp.c:3196:5:mbedtls_ecp_read_key	40	static
../mbedtls/library/ecp.c:3277:5:mbedtls_ecp_write_key	24	static
../mbedtls/library/ecp.c:3309:5:mbedtls_ecp_write_key_ext	16	static
../mbedtls/library/ecp.c:3344:5:mbedtls_ecp_write_public_key	16	static
../mbedtls/library/ecp.c:3357:5:mbedtls_ecp_check_pub_priv	160	static
../mbedtls/library/ecp.c:3395:5:mbedtls_ecp_keypair_calc_public	16	static
../mbedtls/library/ecp.c:3404:22:mbedtls_ecp_keypair_get_group_id	0	static
../mbedtls/library/ecp.c:3413:5:mbedtls_ecp_export	16	static
../mbedtls/library/ecp.c:3548:5:mbedtls_ecp_self_test	232	static
