../mbedtls/library/pk.c:1092:19:pk_hashlen_helper	8	static
../mbedtls/library/pk.c:66:6:mbedtls_pk_init	0	static
../mbedtls/library/pk.c:84:6:mbedtls_pk_free	8	static
../mbedtls/library/pk.c:135:26:mbedtls_pk_info_from_type	0	static
../mbedtls/library/pk.c:161:5:mbedtls_pk_setup	16	static
../mbedtls/library/pk.c:220:5:mbedtls_pk_setup_rsa_alt	32	static
../mbedtls/library/pk.c:252:5:mbedtls_pk_can_do	0	static
../mbedtls/library/pk.c:1137:5:mbedtls_pk_verify_restartable	40	static
../mbedtls/library/pk.c:1187:5:mbedtls_pk_verify	24	static
../mbedtls/library/pk.c:1328:5:mbedtls_pk_sign_restartable	56	static
../mbedtls/library/pk.c:1382:5:mbedtls_pk_sign	32	static
../mbedtls/library/pk.c:1473:5:mbedtls_pk_decrypt	16	static
../mbedtls/library/pk.c:1493:5:mbedtls_pk_encrypt	16	static
../mbedtls/library/pk.c:1513:5:mbedtls_pk_check_pair	16	static
../mbedtls/library/pk.c:1550:8:mbedtls_pk_get_bitlen	0	static
../mbedtls/library/pk.c:1564:5:mbedtls_pk_debug	8	static
../mbedtls/library/pk.c:1581:13:mbedtls_pk_get_name	0	static
../mbedtls/library/pk.c:1593:19:mbedtls_pk_get_type	0	static
../mbedtls/library/pk.c:1198:5:mbedtls_pk_verify_ext	64	static
../mbedtls/library/pk.c:1395:5:mbedtls_pk_sign_ext	72	static
