../mbedtls/library/pk_wrap.c:53:12:rsa_can_do	0	static
../mbedtls/library/pk_wrap.c:488:13:rsa_debug	0	static
../mbedtls/library/pk_wrap.c:535:12:eckey_can_do	0	static
../mbedtls/library/pk_wrap.c:542:15:eckey_get_bitlen	0	static
../mbedtls/library/pk_wrap.c:1116:13:eckey_debug	0	static
../mbedtls/library/pk_wrap.c:1167:12:eckeydh_can_do	0	static
../mbedtls/library/pk_wrap.c:1198:12:ecdsa_can_do	0	static
../mbedtls/library/pk_wrap.c:1296:12:rsa_alt_can_do	0	static
../mbedtls/library/pk_wrap.c:1301:15:rsa_alt_get_bitlen	8	static
../mbedtls/library/pk_wrap.c:1308:12:rsa_alt_sign_wrap	48	static
../mbedtls/library/pk_wrap.c:1333:12:rsa_alt_decrypt_wrap	32	static
../mbedtls/library/pk_wrap.c:482:13:rsa_free_wrap	8	static
../mbedtls/library/pk_wrap.c:1390:14:rsa_alt_alloc_wrap	0	static
../mbedtls/library/pk_wrap.c:471:14:rsa_alloc_wrap	8	static
../mbedtls/library/pk_wrap.c:461:12:rsa_check_pair_wrap	0	static
../mbedtls/library/pk_wrap.c:444:12:rsa_encrypt_wrap	40	static
../mbedtls/library/pk_wrap.c:362:12:rsa_decrypt_wrap	40	static
../mbedtls/library/pk_wrap.c:255:12:rsa_sign_wrap	48	static
../mbedtls/library/pk_wrap.c:131:12:rsa_verify_wrap	40	static
../mbedtls/library/pk_wrap.c:59:15:rsa_get_bitlen	0	static
../mbedtls/library/pk_wrap.c:1109:13:eckey_free_wrap	8	static
../mbedtls/library/pk_wrap.c:1098:14:eckey_alloc_wrap	8	static
../mbedtls/library/pk_wrap.c:1045:12:eckey_check_pair_wrap	0	static
../mbedtls/library/pk_wrap.c:826:12:ecdsa_sign_wrap	0	static
../mbedtls/library/pk_wrap.c:688:12:ecdsa_verify_wrap	16	static
../mbedtls/library/pk_wrap.c:1401:13:rsa_alt_free_wrap	0	static
../mbedtls/library/pk_wrap.c:1352:12:rsa_alt_check_pair	96	static
