../mbedtls/library/constant_time_impl.h:120:38:mbedtls_ct_bool	0	static
../mbedtls/library/constant_time_impl.h:271:38:mbedtls_ct_uint_lt	8	static
../mbedtls/library/constant_time_impl.h:382:38:mbedtls_ct_uint_ne	0	static
../Core/Inc/mbedtls/md.h:246:29:mbedtls_md_get_size_from_type	8	static
../mbedtls/library/rsa.c:1673:12:mgf_mask	112	static
../mbedtls/library/rsa.c:1749:12:hash_mprime	56	static
../mbedtls/library/rsa.c:2364:12:rsa_rsassa_pkcs1_v15_encode	40	static
../mbedtls/library/rsa.c:2945:12:myrand	16	static
../mbedtls/library/rsa.c:61:12:asn1_get_nonzero_mpi	16	static
../mbedtls/library/rsa.c:1276:12:rsa_apply_crt	16	static
../mbedtls/library/rsa.c:2868:6:mbedtls_rsa_free.part.0	8	static
../mbedtls/library/rsa.c:639:12:rsa_check_context.isra	24	static
../mbedtls/library/rsa.c:546:5:mbedtls_rsa_decrypt_decompose_ret	32	static
../mbedtls/library/rsa.c:573:5:mbedtls_rsa_import	32	static
../mbedtls/library/rsa.c:595:5:mbedtls_rsa_import_raw	32	static
../mbedtls/library/rsa.c:723:5:mbedtls_rsa_complete	88	static
../mbedtls/library/rsa.c:821:5:mbedtls_rsa_export_raw	56	static
../mbedtls/library/rsa.c:873:5:mbedtls_rsa_export	32	static
../mbedtls/library/rsa.c:378:5:mbedtls_rsa_write_pubkey	48	static
../mbedtls/library/rsa.c:916:5:mbedtls_rsa_export_crt	24	static
../mbedtls/library/rsa.c:286:5:mbedtls_rsa_write_key	48	static
../mbedtls/library/rsa.c:954:6:mbedtls_rsa_init	0	static
../mbedtls/library/rsa.c:972:5:mbedtls_rsa_set_padding	16	static
../mbedtls/library/rsa.c:1008:5:mbedtls_rsa_get_padding_mode	0	static
../mbedtls/library/rsa.c:1016:5:mbedtls_rsa_get_md_alg	0	static
../mbedtls/library/rsa.c:1024:8:mbedtls_rsa_get_bitlen	0	static
../mbedtls/library/rsa.c:1032:8:mbedtls_rsa_get_len	0	static
../mbedtls/library/rsa.c:1158:5:mbedtls_rsa_check_pubkey	16	static
../mbedtls/library/rsa.c:227:5:mbedtls_rsa_parse_pubkey	56	static
../mbedtls/library/rsa.c:1180:5:mbedtls_rsa_check_privkey	40	static
../mbedtls/library/rsa.c:1205:5:mbedtls_rsa_check_pub_priv	16	static
../mbedtls/library/rsa.c:1224:5:mbedtls_rsa_public	40	static
../mbedtls/library/rsa.c:1476:5:mbedtls_rsa_private	168	static
../mbedtls/library/rsa.c:2167:12:rsa_rsassa_pss_sign_no_mode_check	72	static
../mbedtls/library/rsa.c:1816:5:mbedtls_rsa_rsaes_oaep_encrypt	64	static
../mbedtls/library/rsa.c:1888:5:mbedtls_rsa_rsaes_pkcs1_v15_encrypt	48	static
../mbedtls/library/rsa.c:1942:5:mbedtls_rsa_pkcs1_encrypt	40	static
../mbedtls/library/rsa.c:1971:5:mbedtls_rsa_rsaes_oaep_decrypt	1144	static
../mbedtls/library/rsa.c:2098:5:mbedtls_rsa_rsaes_pkcs1_v15_decrypt	1080	static
../mbedtls/library/rsa.c:2139:5:mbedtls_rsa_pkcs1_decrypt	48	static
../mbedtls/library/rsa.c:2297:5:mbedtls_rsa_rsassa_pss_sign_no_mode_check	24	static
../mbedtls/library/rsa.c:2313:5:mbedtls_rsa_rsassa_pss_sign_ext	16	static
../mbedtls/library/rsa.c:2329:5:mbedtls_rsa_rsassa_pss_sign	24	static
../mbedtls/library/rsa.c:2482:5:mbedtls_rsa_rsassa_pkcs1_v15_sign	40	static
../mbedtls/library/rsa.c:2551:5:mbedtls_rsa_pkcs1_sign	16	static
../mbedtls/library/rsa.c:2585:5:mbedtls_rsa_rsassa_pss_verify_ext	1144	static
../mbedtls/library/rsa.c:2702:5:mbedtls_rsa_rsassa_pss_verify	32	static
../mbedtls/library/rsa.c:2730:5:mbedtls_rsa_rsassa_pkcs1_v15_verify	40	static
../mbedtls/library/rsa.c:2797:5:mbedtls_rsa_pkcs1_verify	8	static
../mbedtls/library/rsa.c:2868:6:mbedtls_rsa_free	0	static
../mbedtls/library/rsa.c:79:5:mbedtls_rsa_parse_key	48	static
../mbedtls/library/rsa.c:2828:5:mbedtls_rsa_copy	16	static
../mbedtls/library/rsa.c:2972:5:mbedtls_rsa_self_test	352	static
