../mbedtls/library/sha512.c:224:6:mbedtls_sha512_init	0	static
../mbedtls/library/sha512.c:229:6:mbedtls_sha512_free	0	static
../mbedtls/library/sha512.c:238:6:mbedtls_sha512_clone	8	static
../mbedtls/library/sha512.c:247:5:mbedtls_sha512_starts	36	static
../mbedtls/library/sha512.c:604:5:mbedtls_internal_sha512_process	816	static
../mbedtls/library/sha512.c:763:5:mbedtls_sha512_update	32	static
../mbedtls/library/sha512.c:817:5:mbedtls_sha512_finish	24	static
../mbedtls/library/sha512.c:1013:12:mbedtls_sha512_common_self_test	328	static
../mbedtls/library/sha512.c:890:5:mbedtls_sha512	240	static
../mbedtls/library/sha512.c:1098:5:mbedtls_sha512_self_test	0	static
../mbedtls/library/sha512.c:1105:5:mbedtls_sha384_self_test	0	static
